// Jest Snapshot v1, https://goo.gl/fbAQLP

exports[`The Backend101NodeStarter stack matches the snapshot 1`] = `
{
  "Metadata": {
    "gu:cdk:constructs": [],
    "gu:cdk:version": "TEST",
  },
}
`;
